
> zonal-nova@0.0.0 build
> tsc -b && vite build

src/App.tsx(72,9): error TS6133: 'handleAddTeam' is declared but its value is never read.
src/components/AddEmployeeModal.tsx(15,11): error TS6133: 'visibleColumns' is declared but its value is never read.
src/components/ColumnSettings.tsx(2,23): error TS6196: 'ColumnType' is declared but never used.
src/components/TeamsView.tsx(18,52): error TS6133: 'setTeams' is declared but its value is never read.
src/components/TeamsView.tsx(94,11): error TS6133: 'handleSignup' is declared but its value is never read.
src/components/TeamsView.tsx(193,15): error TS6133: 'userId' is declared but its value is never read.
src/db.ts(72,13): error TS2345: Argument of type '{ order: number; isVisible: true; key: string; label: string; type: string; }[]' is not assignable to parameter of type 'readonly InsertType<Column, "id">[]'.
  Type '{ order: number; isVisible: true; key: string; label: string; type: string; }' is not assignable to type 'InsertType<Column, "id">'.
    Type '{ order: number; isVisible: true; key: string; label: string; type: string; }' is not assignable to type 'Omit<Column, "id" | undefined>'.
      Types of property 'type' are incompatible.
        Type 'string' is not assignable to type 'ColumnType'.
src/db.ts(95,21): error TS2345: Argument of type '{ order: number; isVisible: true; key: string; label: string; type: string; }[]' is not assignable to parameter of type 'readonly InsertType<Column, "id">[]'.
  Type '{ order: number; isVisible: true; key: string; label: string; type: string; }' is not assignable to type 'InsertType<Column, "id">'.
    Type '{ order: number; isVisible: true; key: string; label: string; type: string; }' is not assignable to type 'Omit<Column, "id" | undefined>'.
      Types of property 'type' are incompatible.
        Type 'string' is not assignable to type 'ColumnType'.
